// Jest Snapshot v1, https://goo.gl/fbAQLP

exports[`Product Interaction renders correctly 1`] = `
<div
  className="product-interaction"
>
  <div
    className="style-name"
  >
    Style: 
    Forest Green & Black
  </div>
  <div
    className="style-selectors wrapper"
  >
    <div
      className="style-selector wrapper"
      onClick={[Function]}
    >
      <div
        className="style-image"
        style={
          Object {
            "backgroundImage": "url(https://images.unsplash.com/photo-1501088430049-71c79fa3283e?ixlib=rb-1.2.1&ixid=eyJhcHBfaWQiOjEyMDd9&auto=format&fit=crop&w=300&q=80)",
          }
        }
      />
      <div
        className="selected-style border"
      >
        <div
          className="selected-style checkmark"
        >
          <i
            className="material-icons"
          >
            check
          </i>
        </div>
      </div>
    </div>
    <div
      className="style-selector wrapper"
      onClick={[Function]}
    >
      <div
        className="style-image"
        style={
          Object {
            "backgroundImage": "url(https://images.unsplash.com/photo-1560567546-4c6dbc16877b?ixlib=rb-1.2.1&ixid=eyJhcHBfaWQiOjEyMDd9&auto=format&fit=crop&w=300&q=80)",
          }
        }
      />
    </div>
    <div
      className="style-selector wrapper"
      onClick={[Function]}
    >
      <div
        className="style-image"
        style={
          Object {
            "backgroundImage": "url(https://images.unsplash.com/photo-1556304653-cba65c59b3c5?ixlib=rb-1.2.1&ixid=eyJhcHBfaWQiOjEyMDd9&auto=format&fit=crop&w=300&q=80)",
          }
        }
      />
    </div>
    <div
      className="style-selector wrapper"
      onClick={[Function]}
    >
      <div
        className="style-image"
        style={
          Object {
            "backgroundImage": "url(https://images.unsplash.com/photo-1530092376999-2431865aa8df?ixlib=rb-1.2.1&ixid=eyJhcHBfaWQiOjEyMDd9&auto=format&fit=crop&w=300&q=80)",
          }
        }
      />
    </div>
    <div
      className="style-selector wrapper"
      onClick={[Function]}
    >
      <div
        className="style-image"
        style={
          Object {
            "backgroundImage": "url(https://images.unsplash.com/photo-1448526478325-616f2b15b04e?ixlib=rb-1.2.1&ixid=eyJhcHBfaWQiOjEyMDd9&auto=format&fit=crop&w=300&q=80)",
          }
        }
      />
    </div>
    <div
      className="style-selector wrapper"
      onClick={[Function]}
    >
      <div
        className="style-image"
        style={
          Object {
            "backgroundImage": "url(https://images.unsplash.com/photo-1514866726862-0f081731e63f?ixlib=rb-1.2.1&ixid=eyJhcHBfaWQiOjEyMDd9&auto=format&fit=crop&w=300&q=80)",
          }
        }
      />
    </div>
  </div>
  <div
    className="size-quantity wrapper"
  >
    <select
      className="size select"
      displayEmpty={true}
      onChange={[Function]}
      value="Select Size"
    >
      <option
        value="Select Size"
      >
        Select Size
      </option>
      <option
        name="size"
        value="XS"
      >
        XS
      </option>
      <option
        name="size"
        value="S"
      >
        S
      </option>
      <option
        name="size"
        value="M"
      >
        M
      </option>
      <option
        name="size"
        value="L"
      >
        L
      </option>
      <option
        name="size"
        value="XL"
      >
        XL
      </option>
    </select>
    <select
      className="count select"
      disabled={true}
      displayEmpty={true}
      onChange={[Function]}
      value=""
    >
      <option
        disabled={true}
        selected={true}
        value="-"
      >
        -
      </option>
    </select>
  </div>
  <div
    className="cart-outfit wrapper"
  >
    <div
      className="add-to-cart"
      onClick={[Function]}
    >
      Add to Cart
    </div>
    <div
      className="add-to-outfit"
      onClick={[Function]}
    >
      Add to Outfit
    </div>
  </div>
</div>
`;
