// Jest Snapshot v1, https://goo.gl/fbAQLP

exports[`Activity card renders correctly 1`] = `
Array [
  <img
    src="https://images.unsplash.com/photo-1501088430049-71c79fa3283e?ixlib=rb-1.2.1&ixid=eyJhcHBfaWQiOjEyMDd9&auto=format&fit=crop&w=300&q=80"
  />,
  <p>
    Jackets
  </p>,
  <h2>
    Camo Onesie
  </h2>,
  <p>
    $140
     
  </p>,
  <div
    className="star-ratings"
    style={
      Object {
        "boxSizing": "border-box",
        "display": "inline-block",
        "position": "relative",
      }
    }
    title="3.65 Stars"
  >
    <svg
      className="star-grad"
      style={
        Object {
          "height": "0",
          "position": "absolute",
          "visibility": "hidden",
          "width": "0",
          "zIndex": "0",
        }
      }
    >
      <defs>
        <linearGradient
          id="starGrad691250465249835"
          x1="0%"
          x2="100%"
          y1="0%"
          y2="0%"
        >
          <stop
            className="stop-color-first"
            offset="0%"
            style={
              Object {
                "stopColor": "gold",
                "stopOpacity": "1",
              }
            }
          />
          <stop
            className="stop-color-first"
            offset="65%"
            style={
              Object {
                "stopColor": "gold",
                "stopOpacity": "1",
              }
            }
          />
          <stop
            className="stop-color-final"
            offset="65%"
            style={
              Object {
                "stopColor": "rgb(203, 211, 227)",
                "stopOpacity": "1",
              }
            }
          />
          <stop
            className="stop-color-final"
            offset="100%"
            style={
              Object {
                "stopColor": "rgb(203, 211, 227)",
                "stopOpacity": "1",
              }
            }
          />
        </linearGradient>
      </defs>
    </svg>
    <div
      className="star-container"
      onClick={null}
      onMouseEnter={null}
      onMouseLeave={null}
      style={
        Object {
          "cursor": undefined,
          "display": "inline-block",
          "paddingLeft": undefined,
          "paddingRight": "5px",
          "position": "relative",
          "verticalAlign": "middle",
        }
      }
    >
      <svg
        className="widget-svg"
        style={
          Object {
            "height": "20px",
            "transform": undefined,
            "transition": "transform .2s ease-in-out",
            "width": "20px",
          }
        }
        viewBox="0 0 51 48"
      >
        <path
          className="star"
          d="m25,1 6,17h18l-14,11 5,17-15-10-15,10 5-17-14-11h18z"
          style={
            Object {
              "fill": "gold",
              "transition": "fill .2s ease-in-out",
            }
          }
        />
      </svg>
    </div>
    <div
      className="star-container"
      onClick={null}
      onMouseEnter={null}
      onMouseLeave={null}
      style={
        Object {
          "cursor": undefined,
          "display": "inline-block",
          "paddingLeft": "5px",
          "paddingRight": "5px",
          "position": "relative",
          "verticalAlign": "middle",
        }
      }
    >
      <svg
        className="widget-svg"
        style={
          Object {
            "height": "20px",
            "transform": undefined,
            "transition": "transform .2s ease-in-out",
            "width": "20px",
          }
        }
        viewBox="0 0 51 48"
      >
        <path
          className="star"
          d="m25,1 6,17h18l-14,11 5,17-15-10-15,10 5-17-14-11h18z"
          style={
            Object {
              "fill": "gold",
              "transition": "fill .2s ease-in-out",
            }
          }
        />
      </svg>
    </div>
    <div
      className="star-container"
      onClick={null}
      onMouseEnter={null}
      onMouseLeave={null}
      style={
        Object {
          "cursor": undefined,
          "display": "inline-block",
          "paddingLeft": "5px",
          "paddingRight": "5px",
          "position": "relative",
          "verticalAlign": "middle",
        }
      }
    >
      <svg
        className="widget-svg"
        style={
          Object {
            "height": "20px",
            "transform": undefined,
            "transition": "transform .2s ease-in-out",
            "width": "20px",
          }
        }
        viewBox="0 0 51 48"
      >
        <path
          className="star"
          d="m25,1 6,17h18l-14,11 5,17-15-10-15,10 5-17-14-11h18z"
          style={
            Object {
              "fill": "gold",
              "transition": "fill .2s ease-in-out",
            }
          }
        />
      </svg>
    </div>
    <div
      className="star-container"
      onClick={null}
      onMouseEnter={null}
      onMouseLeave={null}
      style={
        Object {
          "cursor": undefined,
          "display": "inline-block",
          "paddingLeft": "5px",
          "paddingRight": "5px",
          "position": "relative",
          "verticalAlign": "middle",
        }
      }
    >
      <svg
        className="widget-svg multi-widget-selected"
        style={
          Object {
            "height": "20px",
            "transform": undefined,
            "transition": "transform .2s ease-in-out",
            "width": "20px",
          }
        }
        viewBox="0 0 51 48"
      >
        <path
          className="star"
          d="m25,1 6,17h18l-14,11 5,17-15-10-15,10 5-17-14-11h18z"
          style={
            Object {
              "fill": "url('#starGrad691250465249835')",
              "transition": "fill .2s ease-in-out",
            }
          }
        />
      </svg>
    </div>
    <div
      className="star-container"
      onClick={null}
      onMouseEnter={null}
      onMouseLeave={null}
      style={
        Object {
          "cursor": undefined,
          "display": "inline-block",
          "paddingLeft": "5px",
          "paddingRight": undefined,
          "position": "relative",
          "verticalAlign": "middle",
        }
      }
    >
      <svg
        className="widget-svg"
        style={
          Object {
            "height": "20px",
            "transform": undefined,
            "transition": "transform .2s ease-in-out",
            "width": "20px",
          }
        }
        viewBox="0 0 51 48"
      >
        <path
          className="star"
          d="m25,1 6,17h18l-14,11 5,17-15-10-15,10 5-17-14-11h18z"
          style={
            Object {
              "fill": "rgb(203, 211, 227)",
              "transition": "fill .2s ease-in-out",
            }
          }
        />
      </svg>
    </div>
  </div>,
]
`;
